runnum durationinsec numls    tofake
172411 22815.0 977           [454:977]
172444 1273.0 55             [21:55]
172448 658.0 29              [13:29]
172451 1410.0 61             [22:61]
172457 6857.0 294            [22:294]
172468 2926.0 126            [114:126]
172473 1166.0 50             ok
172475 999.0 43              ok 
172476 1053.0 46             [45:46]
172478 3612.0 155            ok
===
tot LS  1836
tot in sec  42769.0
tot in hour  11.8802777778

====

tot to fake in LS:
  totLS - exists + extension of last run 172478: 1836-988+(214-155)=907
tot to fake in hour:
  5.88h 
tot to fake in value:
  57.82-29.225=28.59/pb 
fake avg inst lumi per LS:
  28.59e6/907/23.35=1.35e03/ub/s per LS
