runnum durationinsec numls       tofake
172485 14986.0 642            ok 
172488 3921.0 168             ok
172495 3732.0 160             ok
172497 2690.0 116             ok
172507 2161.0 93              ok  
172516 15321.0 656            [43:656]
172549 2796.0 120             [1:120]
172557 1279.0 55              [1:55]
172561 599.0 26               [1:26] 
172564 376.0 17               [1:17]
172567 616.0 27               [1:27]
172573 668.0 29               [1:29]
172576 1043.0 45              [1:45]
172579 684.0 30               [1:30]
172584 822.0 36               [1:36]
172588 1736.0 75              [1:75]
172590 244.0 11               [10:11]	
172593 363.0 16               [1:16]
172596 542.0 24               [1:24]
172597 509.0 22               [1:22]
172598 370.0 16               [1:16]
172599 374.0 17               [1:17]
172601 924.0 40               [1:40]
172604 947.0 41               [1:41]
172606 2244.0 97              [1:97] 
172609 312.0 14               [1:14] 
172610 368.0 16               [1:16] 
172611 2048.0 88              [1:88] 
172615 827.0 36               [1:36] 
172617 536.0 23               [1:23] 
172619 2288.0 98              ok 
172620 11742.0 503            ok
===
tot LS  3375
tot in sec  78488.0
tot in hour  21.8022222222

===
tot to fake in LS:
   totLS - exists +extension of last run 172620: 3375-1867+(525-503)=1530
tot to fake in hour:
   9.93h
tot to fake in value:
   89.3-54.88=34.42/pb
fage integrated avg lumi per LS:
   34.42/1530=22496.732/ub per LS
fake avg inst lumi per LS:
   34.42/1530/23.35=963/ub/s per LS